// Jest Snapshot v1, https://goo.gl/fbAQLP

exports[`CustomDateTime testcases tree for DateTimeInput 1`] = `
<div
  className="MuiFormControl-root MuiTextField-root makeStyles-textInputWrap-242"
  data-testid="CustomDateTimeInput"
>
  <label
    className="MuiFormLabel-root MuiInputLabel-root MuiInputLabel-formControl MuiInputLabel-animated MuiInputLabel-shrink"
    data-shrink={true}
  >
    From date
  </label>
  <div
    className="MuiInputBase-root MuiInput-root MuiInput-underline MuiInputBase-formControl MuiInput-formControl MuiInputBase-multiline MuiInput-multiline"
    onClick={[Function]}
  >
    <div
      aria-invalid={false}
      autoFocus={false}
      className="MuiInputBase-input MuiInput-input MuiInputBase-inputMultiline MuiInput-inputMultiline"
      disabled={false}
      onAnimationStart={[Function]}
      onBlur={[Function]}
      onChange={[Function]}
      onFocus={[Function]}
      required={false}
      type="text"
    >
      <div
        className="MuiGrid-root MuiGrid-container MuiGrid-wrap-xs-nowrap MuiGrid-justify-xs-space-around"
      >
        <div
          className="MuiFormControl-root MuiTextField-root"
        >
          <div
            className="MuiInputBase-root MuiInput-root MuiInput-underline MuiInputBase-formControl MuiInput-formControl"
            onClick={[Function]}
          >
            <input
              aria-invalid={false}
              autoFocus={false}
              className="MuiInputBase-input MuiInput-input"
              disabled={false}
              onAnimationStart={[Function]}
              onBlur={[Function]}
              onChange={[Function]}
              onFocus={[Function]}
              required={false}
              type="date"
              value=""
            />
          </div>
        </div>
        <div
          className="MuiFormControl-root MuiTextField-root makeStyles-timePicker-191"
        >
          <div
            className="MuiInputBase-root MuiInput-root MuiInput-underline Mui-disabled Mui-disabled MuiInputBase-formControl MuiInput-formControl"
            onClick={[Function]}
          >
            <input
              aria-invalid={false}
              autoFocus={false}
              className="MuiInputBase-input MuiInput-input Mui-disabled Mui-disabled"
              disabled={true}
              onAnimationStart={[Function]}
              onBlur={[Function]}
              onChange={[Function]}
              onFocus={[Function]}
              required={false}
              type="time"
              value=""
            />
          </div>
        </div>
      </div>
    </div>
  </div>
  <p
    className="MuiFormHelperText-root"
  >
    <span
      dangerouslySetInnerHTML={
        Object {
          "__html": "&#8203;",
        }
      }
    />
  </p>
</div>
`;
